Cloning: https://github.com/funcool/beicon.git
Cloning: https://github.com/funcool/datoteka
Cloning: https://github.com/penpot/im4java
Downloading: org/clojure/clojure/1.12.0/clojure-1.12.0.pom from central
Downloading: org/clojure/spec.alpha/0.5.238/spec.alpha-0.5.238.pom from central
Downloading: org/clojure/core.specs.alpha/0.4.74/core.specs.alpha-0.4.74.pom from central
Downloading: org/clojure/pom.contrib/1.2.0/pom.contrib-1.2.0.pom from central
Downloading: binaryage/devtools/maven-metadata.xml from clojars
Cloning: https://github.com/funcool/yetti.git
Cloning: https://github.com/funcool/potok.git
Cloning: https://github.com/funcool/rumext.git
Checking out: https://github.com/funcool/beicon.git at 8744c664a96f5edddda7420deea46228ccf1f78c
Checking out: https://github.com/funcool/potok.git at 0f7e15a26f202ac554fc436669147c1c5f311ff7
Checking out: https://github.com/funcool/rumext.git at 17a0c948e3b6ac237bf403b4863ad94526c305c7
Cloning: https://github.com/noprompt/garden
Downloading: binaryage/devtools/1.0.7/devtools-1.0.7.pom from clojars
Downloading: instaparse/instaparse/1.5.0/instaparse-1.5.0.pom from clojars
Downloading: metosin/reitit-core/0.9.1/reitit-core-0.9.1.pom from clojars
Downloading: funcool/okulary/2022.04.11-16/okulary-2022.04.11-16.pom from clojars
Checking out: https://github.com/noprompt/garden at 05590ecb5f6fa670856f3d1ab400aa4961047480
Checking out: https://github.com/penpot/im4java at e2b3e16743fc7abc56936626f7a9f5a6ce000b92
Downloading: org/lz4/lz4-java/1.8.0/lz4-java-1.8.0.pom from central
Downloading: io/prometheus/simpleclient/0.16.0/simpleclient-0.16.0.pom from central
Checking out: https://github.com/funcool/yetti.git at ce50d42395547e676ae7593011f1989d516b1186
Checking out: https://github.com/funcool/datoteka at 3372f3ab33034030a6118de74592b9fb22d8c7d0
Cloning: https://github.com/funcool/promesa
Downloading: io/prometheus/parent/0.16.0/parent-0.16.0.pom from central
Downloading: software/amazon/awssdk/s3/2.31.55/s3-2.31.55.pom from central
Downloading: com/zaxxer/HikariCP/6.3.0/HikariCP-6.3.0.pom from central
Downloading: software/amazon/awssdk/services/2.31.55/services-2.31.55.pom from central
Downloading: com/github/luben/zstd-jni/1.5.7-3/zstd-jni-1.5.7-3.pom from central
Downloading: org/postgresql/postgresql/42.7.6/postgresql-42.7.6.pom from central
Downloading: org/clojure/tools.namespace/1.5.0/tools.namespace-1.5.0.pom from central
Downloading: io/prometheus/simpleclient_jetty/0.16.0/simpleclient_jetty-0.16.0.pom from central
Downloading: io/lettuce/lettuce-core/6.7.0.RELEASE/lettuce-core-6.7.0.RELEASE.pom from central
Downloading: io/prometheus/simpleclient_hotspot/0.16.0/simpleclient_hotspot-0.16.0.pom from central
Downloading: software/amazon/awssdk/aws-sdk-java-pom/2.31.55/aws-sdk-java-pom-2.31.55.pom from central
Downloading: io/micrometer/micrometer-core/1.14.2/micrometer-core-1.14.2.pom from central
Downloading: com/google/guava/guava/33.4.8-jre/guava-33.4.8-jre.pom from central
Downloading: com/google/guava/guava-parent/33.4.8-jre/guava-parent-33.4.8-jre.pom from central
Downloading: software/amazon/awssdk/bom-internal/2.31.55/bom-internal-2.31.55.pom from central
Downloading: io/prometheus/simpleclient_httpserver/0.16.0/simpleclient_httpserver-0.16.0.pom from central
Downloading: io/whitfin/siphash/2.0.0/siphash-2.0.0.pom from central
Downloading: org/jsoup/jsoup/1.20.1/jsoup-1.20.1.pom from central
Downloading: io/micrometer/micrometer-observation/1.14.2/micrometer-observation-1.14.2.pom from central
Downloading: com/github/seancorfield/next.jdbc/1.3.1002/next.jdbc-1.3.1002.pom from clojars
Downloading: org/xerial/sqlite-jdbc/3.49.1.0/sqlite-jdbc-3.49.1.0.pom from central
Downloading: org/clojars/pntblnk/clj-ldap/0.0.17/clj-ldap-0.0.17.pom from clojars
Downloading: com/github/ben-manes/caffeine/caffeine/3.2.0/caffeine-3.2.0.pom from central
Downloading: pretty-spec/pretty-spec/0.1.4/pretty-spec-0.1.4.pom from clojars
Downloading: buddy/buddy-hashers/2.0.167/buddy-hashers-2.0.167.pom from clojars
Downloading: markdown-clj/markdown-clj/1.12.3/markdown-clj-1.12.3.pom from clojars
Downloading: dawran6/emoji/0.1.5/emoji-0.1.5.pom from clojars
Downloading: org/junit/junit-bom/5.10.0/junit-bom-5.10.0.pom from central
Downloading: nrepl/nrepl/1.3.1/nrepl-1.3.1.pom from clojars
Downloading: java-http-clj/java-http-clj/0.4.3/java-http-clj-0.4.3.pom from clojars
Downloading: org/clojure/data.json/2.5.1/data.json-2.5.1.pom from central
Downloading: org/apache/logging/log4j/log4j-slf4j2-impl/2.24.3/log4j-slf4j2-impl-2.24.3.pom from central
Downloading: org/apache/logging/log4j/log4j/2.24.3/log4j-2.24.3.pom from central
Downloading: org/apache/logging/log4j/log4j-bom/2.24.3/log4j-bom-2.24.3.pom from central
Downloading: buddy/buddy-sign/3.6.1-359/buddy-sign-3.6.1-359.pom from clojars
Downloading: org/apache/logging/logging-parent/11.3.0/logging-parent-11.3.0.pom from central
Downloading: org/apache/apache/33/apache-33.pom from central
Downloading: org/apache/groovy/groovy-bom/4.0.22/groovy-bom-4.0.22.pom from central
Checking out: https://github.com/funcool/promesa at 46048fc0d4bf5466a2a4121f5d52aefa6337f2e8
Downloading: com/fasterxml/jackson/jackson-bom/2.17.2/jackson-bom-2.17.2.pom from central
Downloading: com/fasterxml/jackson/jackson-parent/2.17/jackson-parent-2.17.pom from central
Downloading: com/fasterxml/oss-parent/58/oss-parent-58.pom from central
Downloading: jakarta/platform/jakarta.jakartaee-bom/9.1.0/jakarta.jakartaee-bom-9.1.0.pom from central
Downloading: jakarta/platform/jakartaee-api-parent/9.1.0/jakartaee-api-parent-9.1.0.pom from central
Downloading: org/eclipse/ee4j/project/1.0.7/project-1.0.7.pom from central
Downloading: org/junit/junit-bom/5.10.3/junit-bom-5.10.3.pom from central
Downloading: org/mockito/mockito-bom/4.11.0/mockito-bom-4.11.0.pom from central
Downloading: pl/tkowalcz/tjahzi/log4j2-appender/0.9.32/log4j2-appender-0.9.32.pom from central
Downloading: org/springframework/spring-framework-bom/5.3.39/spring-framework-bom-5.3.39.pom from central
Downloading: org/la4j/la4j/0.6.0/la4j-0.6.0.pom from central
Downloading: pl/tkowalcz/tjahzi/tjahzi-parent/0.9.32/tjahzi-parent-0.9.32.pom from central
Downloading: org/sonatype/oss/oss-parent/7/oss-parent-7.pom from central
Downloading: org/clojure/tools.cli/1.1.230/tools.cli-1.1.230.pom from central
Downloading: selmer/selmer/1.12.62/selmer-1.12.62.pom from clojars
Downloading: org/apache/logging/log4j/log4j-jul/2.24.3/log4j-jul-2.24.3.pom from central
Downloading: com/cognitect/transit-cljs/0.8.280/transit-cljs-0.8.280.pom from central
Downloading: org/clojure/clojurescript/1.12.42/clojurescript-1.12.42.pom from central
Downloading: org/clojure/data.fressian/1.1.0/data.fressian-1.1.0.pom from central
Downloading: org/apache/logging/log4j/log4j-core/2.24.3/log4j-core-2.24.3.pom from central
Downloading: org/apache/logging/log4j/log4j-web/2.24.3/log4j-web-2.24.3.pom from central
Downloading: criterium/criterium/0.4.6/criterium-0.4.6.pom from clojars
Downloading: funcool/tubax/2021.05.20-0/tubax-2021.05.20-0.pom from clojars
Downloading: expound/expound/0.9.0/expound-0.9.0.pom from clojars
Downloading: fipp/fipp/0.6.27/fipp-0.6.27.pom from clojars
Downloading: io/aviso/pretty/1.4.4/pretty-1.4.4.pom from clojars
Downloading: integrant/integrant/0.13.1/integrant-0.13.1.pom from clojars
Downloading: me/flowthing/pp/2024-11-13.77/pp-2024-11-13.77.pom from clojars
Downloading: funcool/cuerdas/2025.06.16-414/cuerdas-2025.06.16-414.pom from clojars
Downloading: frankiesardo/linked/1.3.0/linked-1.3.0.pom from clojars
Downloading: com/cognitect/transit-clj/1.0.333/transit-clj-1.0.333.pom from central
Downloading: org/slf4j/slf4j-api/2.0.17/slf4j-api-2.0.17.pom from central
Downloading: org/slf4j/slf4j-parent/2.0.17/slf4j-parent-2.0.17.pom from central
Downloading: org/clojure/test.check/1.1.1/test.check-1.1.1.pom from central
Downloading: org/clojure/pom.contrib/1.1.0/pom.contrib-1.1.0.pom from central
Downloading: org/slf4j/slf4j-bom/2.0.17/slf4j-bom-2.0.17.pom from central
Downloading: org/apache/logging/log4j/log4j-api/2.24.3/log4j-api-2.24.3.pom from central
Downloading: environ/environ/1.2.0/environ-1.2.0.pom from clojars
Downloading: metosin/jsonista/0.3.13/jsonista-0.3.13.pom from clojars
Downloading: com/sun/mail/jakarta.mail/2.0.1/jakarta.mail-2.0.1.pom from central
Downloading: com/sun/mail/all/2.0.1/all-2.0.1.pom from central
Downloading: org/eclipse/ee4j/project/1.0.6/project-1.0.6.pom from central
Downloading: com/yahoo/platform/yui/yuicompressor/2.4.8/yuicompressor-2.4.8.pom from central
Downloading: metosin/malli/0.18.0/malli-0.18.0.pom from clojars
Downloading: io/prometheus/simpleclient_tracer_otel/0.16.0/simpleclient_tracer_otel-0.16.0.pom from central
Downloading: meta-merge/meta-merge/1.0.0/meta-merge-1.0.0.pom from clojars
Downloading: io/prometheus/simpleclient_tracer/0.16.0/simpleclient_tracer-0.16.0.pom from central
Downloading: io/prometheus/simpleclient_tracer_otel_agent/0.16.0/simpleclient_tracer_otel_agent-0.16.0.pom from central
Downloading: com/unboundid/unboundid-ldapsdk/5.1.1/unboundid-ldapsdk-5.1.1.pom from central
Downloading: redis/clients/authentication/redis-authx-core/0.1.1-beta2/redis-authx-core-0.1.1-beta2.pom from central
Downloading: io/netty/netty-common/4.1.118.Final/netty-common-4.1.118.Final.pom from central
Downloading: io/netty/netty-handler/4.1.118.Final/netty-handler-4.1.118.Final.pom from central
Downloading: io/netty/netty-parent/4.1.118.Final/netty-parent-4.1.118.Final.pom from central
Downloading: org/sonatype/oss/oss-parent/9/oss-parent-9.pom from central
Downloading: io/netty/netty-transport/4.1.118.Final/netty-transport-4.1.118.Final.pom from central
Downloading: io/projectreactor/reactor-core/3.6.6/reactor-core-3.6.6.pom from central
Downloading: io/netty/netty-resolver-dns/4.1.118.Final/netty-resolver-dns-4.1.118.Final.pom from central
Downloading: software/amazon/awssdk/protocol-core/2.31.55/protocol-core-2.31.55.pom from central
Downloading: software/amazon/awssdk/profiles/2.31.55/profiles-2.31.55.pom from central
Downloading: software/amazon/awssdk/protocols/2.31.55/protocols-2.31.55.pom from central
Downloading: cljs-bean/cljs-bean/1.9.0/cljs-bean-1.9.0.pom from clojars
Downloading: software/amazon/awssdk/aws-xml-protocol/2.31.55/aws-xml-protocol-2.31.55.pom from central
Downloading: software/amazon/awssdk/arns/2.31.55/arns-2.31.55.pom from central
Downloading: software/amazon/awssdk/core/2.31.55/core-2.31.55.pom from central
Downloading: software/amazon/awssdk/identity-spi/2.31.55/identity-spi-2.31.55.pom from central
Downloading: software/amazon/awssdk/http-auth/2.31.55/http-auth-2.31.55.pom from central
Downloading: lambdaisland/uri/1.19.155/uri-1.19.155.pom from clojars
Downloading: software/amazon/awssdk/crt-core/2.31.55/crt-core-2.31.55.pom from central
Downloading: software/amazon/awssdk/http-auth-spi/2.31.55/http-auth-spi-2.31.55.pom from central
Downloading: software/amazon/awssdk/checksums-spi/2.31.55/checksums-spi-2.31.55.pom from central
Downloading: software/amazon/awssdk/checksums/2.31.55/checksums-2.31.55.pom from central
Downloading: software/amazon/awssdk/retries-spi/2.31.55/retries-spi-2.31.55.pom from central
Downloading: software/amazon/awssdk/sdk-core/2.31.55/sdk-core-2.31.55.pom from central
Downloading: software/amazon/awssdk/auth/2.31.55/auth-2.31.55.pom from central
Downloading: software/amazon/awssdk/http-client-spi/2.31.55/http-client-spi-2.31.55.pom from central
Downloading: software/amazon/awssdk/regions/2.31.55/regions-2.31.55.pom from central
Downloading: software/amazon/awssdk/annotations/2.31.55/annotations-2.31.55.pom from central
Downloading: software/amazon/awssdk/aws-core/2.31.55/aws-core-2.31.55.pom from central
Downloading: software/amazon/awssdk/endpoints-spi/2.31.55/endpoints-spi-2.31.55.pom from central
Downloading: software/amazon/awssdk/apache-client/2.31.55/apache-client-2.31.55.pom from central
Downloading: software/amazon/awssdk/http-auth-aws/2.31.55/http-auth-aws-2.31.55.pom from central
Downloading: org/checkerframework/checker-qual/3.49.3/checker-qual-3.49.3.pom from central
Downloading: software/amazon/awssdk/netty-nio-client/2.31.55/netty-nio-client-2.31.55.pom from central
Downloading: software/amazon/awssdk/http-clients/2.31.55/http-clients-2.31.55.pom from central
Downloading: org/clojure/java.classpath/1.1.0/java.classpath-1.1.0.pom from central
Downloading: org/clojure/tools.reader/1.4.0/tools.reader-1.4.0.pom from central
Downloading: org/eclipse/jetty/jetty-bom/9.4.45.v20220203/jetty-bom-9.4.45.v20220203.pom from central
Downloading: software/amazon/awssdk/utils/2.31.55/utils-2.31.55.pom from central
Downloading: io/undertow/undertow-core/2.3.18.Final/undertow-core-2.3.18.Final.pom from central
Downloading: software/amazon/awssdk/metrics-spi/2.31.55/metrics-spi-2.31.55.pom from central
Downloading: software/amazon/awssdk/json-utils/2.31.55/json-utils-2.31.55.pom from central
Downloading: io/undertow/undertow-parent/2.3.18.Final/undertow-parent-2.3.18.Final.pom from central
Downloading: com/google/guava/failureaccess/1.0.3/failureaccess-1.0.3.pom from central
Downloading: org/jboss/jboss-parent/35/jboss-parent-35.pom from central
Downloading: com/google/guava/guava-parent/33.4.0-android/guava-parent-33.4.0-android.pom from central
Downloading: com/google/guava/listenablefuture/9999.0-empty-to-avoid-conflict-with-guava/listenablefuture-9999.0-empty-to-avoid-conflict-with-guava.pom from central
Downloading: org/jspecify/jspecify/1.0.0/jspecify-1.0.0.pom from central
Downloading: com/google/guava/guava-parent/26.0-android/guava-parent-26.0-android.pom from central
Downloading: com/google/errorprone/error_prone_annotations/2.36.0/error_prone_annotations-2.36.0.pom from central
Downloading: com/google/j2objc/j2objc-annotations/3.0.0/j2objc-annotations-3.0.0.pom from central
Downloading: com/google/errorprone/error_prone_parent/2.36.0/error_prone_parent-2.36.0.pom from central
Downloading: io/micrometer/micrometer-commons/1.14.2/micrometer-commons-1.14.2.pom from central
Downloading: org/hdrhistogram/HdrHistogram/2.2.2/HdrHistogram-2.2.2.pom from central
Downloading: org/latencyutils/LatencyUtils/2.0.3/LatencyUtils-2.0.3.pom from central
Downloading: org/clojure/java.data/1.3.113/java.data-1.3.113.pom from central
Downloading: io/prometheus/simpleclient_common/0.16.0/simpleclient_common-0.16.0.pom from central
Downloading: camel-snake-kebab/camel-snake-kebab/0.4.3/camel-snake-kebab-0.4.3.pom from clojars
Downloading: pl/tkowalcz/tjahzi/core/0.9.32/core-0.9.32.pom from central
Downloading: com/cognitect/transit-js/0.8.874/transit-js-0.8.874.pom from central
Downloading: org/clojure/google-closure-library/0.0-20250515-f04e4c0e/google-closure-library-0.0-20250515-f04e4c0e.pom from central
Downloading: com/cognitect/transit-java/1.0.362/transit-java-1.0.362.pom from central
Downloading: com/google/javascript/closure-compiler/v20250402/closure-compiler-v20250402.pom from central
Downloading: org/fressian/fressian/0.6.8/fressian-0.6.8.pom from central
Downloading: org/clojure/core.rrb-vector/0.1.2/core.rrb-vector-0.1.2.pom from central
Downloading: org/clojure/pom.contrib/0.2.2/pom.contrib-0.2.2.pom from central
Downloading: commons-io/commons-io/2.16.1/commons-io-2.16.1.pom from central
Downloading: org/apache/commons/commons-parent/69/commons-parent-69.pom from central
Downloading: org/apache/apache/31/apache-31.pom from central
Downloading: org/junit/junit-bom/5.10.2/junit-bom-5.10.2.pom from central
Downloading: com/google/javascript/closure-compiler-main/v20250402/closure-compiler-main-v20250402.pom from central
Downloading: weavejester/dependency/0.2.1/dependency-0.2.1.pom from clojars
Downloading: clj-commons/clj-yaml/1.0.29/clj-yaml-1.0.29.pom from clojars
Downloading: org/ring-clojure/ring-core-protocols/1.12.2/ring-core-protocols-1.12.2.pom from clojars
Downloading: com/google/javascript/closure-compiler-parent/v20250402/closure-compiler-parent-v20250402.pom from central
Downloading: buddy/buddy-core/1.11.423/buddy-core-1.11.423.pom from clojars
Downloading: org/ring-clojure/ring-websocket-protocols/1.12.2/ring-websocket-protocols-1.12.2.pom from clojars
Downloading: com/cognitect/transit-java/1.0.371/transit-java-1.0.371.pom from central
Downloading: clojurewerkz/scrypt/1.2.0/scrypt-1.2.0.pom from clojars
Downloading: com/fasterxml/jackson/core/jackson-core/2.18.2/jackson-core-2.18.2.pom from central
Downloading: com/fasterxml/jackson/core/jackson-databind/2.18.2/jackson-databind-2.18.2.pom from central
Downloading: com/fasterxml/jackson/jackson-base/2.18.2/jackson-base-2.18.2.pom from central
Downloading: com/fasterxml/jackson/jackson-bom/2.18.2/jackson-bom-2.18.2.pom from central
Downloading: com/fasterxml/jackson/jackson-parent/2.18.1/jackson-parent-2.18.1.pom from central
Downloading: com/fasterxml/oss-parent/61/oss-parent-61.pom from central
Downloading: com/fasterxml/jackson/datatype/jackson-datatype-jsr310/2.18.2/jackson-datatype-jsr310-2.18.2.pom from central
Downloading: com/sun/activation/jakarta.activation/2.0.1/jakarta.activation-2.0.1.pom from central
Downloading: com/sun/activation/all/2.0.1/all-2.0.1.pom from central
Downloading: com/fasterxml/jackson/module/jackson-modules-java8/2.18.2/jackson-modules-java8-2.18.2.pom from central
Downloading: buddy/buddy-core/1.12.0-430/buddy-core-1.12.0-430.pom from clojars
Downloading: borkdude/dynaload/0.3.5/dynaload-0.3.5.pom from clojars
Downloading: io/prometheus/simpleclient_tracer_common/0.16.0/simpleclient_tracer_common-0.16.0.pom from central
Downloading: io/netty/netty-resolver/4.1.118.Final/netty-resolver-4.1.118.Final.pom from central
Downloading: borkdude/edamame/1.4.30/edamame-1.4.30.pom from clojars
Downloading: io/netty/netty-buffer/4.1.118.Final/netty-buffer-4.1.118.Final.pom from central
Downloading: io/netty/netty-transport-native-unix-common/4.1.118.Final/netty-transport-native-unix-common-4.1.118.Final.pom from central
Downloading: io/netty/netty-codec/4.1.118.Final/netty-codec-4.1.118.Final.pom from central
Downloading: org/reactivestreams/reactive-streams/1.0.4/reactive-streams-1.0.4.pom from central
Downloading: io/netty/netty-codec-dns/4.1.118.Final/netty-codec-dns-4.1.118.Final.pom from central
Downloading: software/amazon/awssdk/http-auth-aws-eventstream/2.31.55/http-auth-aws-eventstream-2.31.55.pom from central
Downloading: software/amazon/awssdk/aws-query-protocol/2.31.55/aws-query-protocol-2.31.55.pom from central
Downloading: software/amazon/awssdk/retries/2.31.55/retries-2.31.55.pom from central
Downloading: software/amazon/eventstream/eventstream/1.0.1/eventstream-1.0.1.pom from central
Downloading: software/amazon/awssdk/third-party-jackson-core/2.31.55/third-party-jackson-core-2.31.55.pom from central
Downloading: org/apache/httpcomponents/httpclient/4.5.13/httpclient-4.5.13.pom from central
Downloading: commons-codec/commons-codec/1.17.1/commons-codec-1.17.1.pom from central
Downloading: org/apache/httpcomponents/httpcore/4.4.16/httpcore-4.4.16.pom from central
Downloading: mvxcvi/arrangement/2.1.0/arrangement-2.1.0.pom from clojars
Downloading: software/amazon/awssdk/third-party/2.31.55/third-party-2.31.55.pom from central
Downloading: org/apache/httpcomponents/httpcomponents-client/4.5.13/httpcomponents-client-4.5.13.pom from central
Downloading: io/netty/netty-codec-http/4.1.118.Final/netty-codec-http-4.1.118.Final.pom from central
Downloading: org/apache/commons/commons-parent/71/commons-parent-71.pom from central
Downloading: org/apache/httpcomponents/httpcomponents-core/4.4.16/httpcomponents-core-4.4.16.pom from central
Downloading: io/netty/netty-codec-http2/4.1.118.Final/netty-codec-http2-4.1.118.Final.pom from central
Downloading: org/apache/httpcomponents/httpcomponents-parent/11/httpcomponents-parent-11.pom from central
Downloading: org/apache/apache/32/apache-32.pom from central
Downloading: io/netty/netty-transport-classes-epoll/4.1.118.Final/netty-transport-classes-epoll-4.1.118.Final.pom from central
Downloading: org/jboss/logging/jboss-logging/3.4.3.Final/jboss-logging-3.4.3.Final.pom from central
Downloading: org/yaml/snakeyaml/2.3/snakeyaml-2.3.pom from central
Downloading: org/junit/junit-bom/5.11.0-M2/junit-bom-5.11.0-M2.pom from central
Downloading: org/jboss/xnio/xnio-api/3.8.16.Final/xnio-api-3.8.16.Final.pom from central
Downloading: org/apache/apache/21/apache-21.pom from central
Downloading: org/jboss/jboss-parent/39/jboss-parent-39.pom from central
Downloading: org/jboss/xnio/xnio-nio/3.8.16.Final/xnio-nio-3.8.16.Final.pom from central
Downloading: org/jboss/threads/jboss-threads/3.5.0.Final/jboss-threads-3.5.0.Final.pom from central
Downloading: org/jboss/xnio/xnio-all/3.8.16.Final/xnio-all-3.8.16.Final.pom from central
Downloading: com/lambdaworks/scrypt/1.4.0/scrypt-1.4.0.pom from central
Downloading: org/bouncycastle/bcpkix-jdk18on/1.78.1/bcpkix-jdk18on-1.78.1.pom from central
Downloading: org/jboss/jboss-parent/36/jboss-parent-36.pom from central
Downloading: org/jboss/jboss-parent/43/jboss-parent-43.pom from central
Downloading: org/bouncycastle/bcprov-jdk18on/1.78.1/bcprov-jdk18on-1.78.1.pom from central
Downloading: org/junit/junit-bom/5.8.2/junit-bom-5.8.2.pom from central
Downloading: org/clojure/google-closure-library-third-party/0.0-20250515-f04e4c0e/google-closure-library-third-party-0.0-20250515-f04e4c0e.pom from central
Downloading: org/agrona/agrona/1.12.0/agrona-1.12.0.pom from central
Downloading: org/clojure/tools.reader/1.5.2/tools.reader-1.5.2.pom from central
Downloading: org/msgpack/msgpack/0.6.12/msgpack-0.6.12.pom from central
Downloading: javax/xml/bind/jaxb-api/2.4.0-b180830.0359/jaxb-api-2.4.0-b180830.0359.pom from central
Downloading: com/fasterxml/jackson/core/jackson-annotations/2.18.2/jackson-annotations-2.18.2.pom from central
Downloading: commons-logging/commons-logging/1.2/commons-logging-1.2.pom from central
Downloading: javax/xml/bind/jaxb-api-parent/2.4.0-b180830.0359/jaxb-api-parent-2.4.0-b180830.0359.pom from central
Downloading: org/apache/commons/commons-parent/34/commons-parent-34.pom from central
Downloading: net/java/jvnet-parent/5/jvnet-parent-5.pom from central
Downloading: org/apache/apache/13/apache-13.pom from central
Downloading: org/flatland/ordered/1.15.12/ordered-1.15.12.pom from clojars
Downloading: cheshire/cheshire/5.13.0/cheshire-5.13.0.pom from clojars
Downloading: org/wildfly/common/wildfly-common/1.5.4.Final/wildfly-common-1.5.4.Final.pom from central
Downloading: org/javassist/javassist/3.18.1-GA/javassist-3.18.1-GA.pom from central
Downloading: com/fasterxml/jackson/dataformat/jackson-dataformat-smile/2.17.0/jackson-dataformat-smile-2.17.0.pom from central
Downloading: com/googlecode/json-simple/json-simple/1.1.1/json-simple-1.1.1.pom from central
Downloading: org/wildfly/client/wildfly-client-config/1.0.1.Final/wildfly-client-config-1.0.1.Final.pom from central
Downloading: com/fasterxml/jackson/dataformat/jackson-dataformat-cbor/2.17.0/jackson-dataformat-cbor-2.17.0.pom from central
Downloading: org/bouncycastle/bcutil-jdk18on/1.78.1/bcutil-jdk18on-1.78.1.pom from central
Downloading: javax/activation/javax.activation-api/1.2.0/javax.activation-api-1.2.0.pom from central
Downloading: org/jboss/jboss-parent/34/jboss-parent-34.pom from central
Downloading: org/jboss/jboss-parent/23/jboss-parent-23.pom from central
Downloading: com/fasterxml/jackson/dataformat/jackson-dataformats-binary/2.17.0/jackson-dataformats-binary-2.17.0.pom from central
Downloading: com/sun/activation/all/1.2.0/all-1.2.0.pom from central
Downloading: com/fasterxml/jackson/jackson-base/2.17.0/jackson-base-2.17.0.pom from central
Downloading: net/java/jvnet-parent/1/jvnet-parent-1.pom from central
Downloading: com/fasterxml/jackson/jackson-bom/2.17.0/jackson-bom-2.17.0.pom from central
Downloading: tigris/tigris/0.1.2/tigris-0.1.2.pom from clojars
Downloading: org/clojure/data.json/2.5.1/data.json-2.5.1.jar from central
Downloading: pl/tkowalcz/tjahzi/log4j2-appender/0.9.32/log4j2-appender-0.9.32.jar from central
Downloading: org/lz4/lz4-java/1.8.0/lz4-java-1.8.0.jar from central
Downloading: org/apache/logging/log4j/log4j-slf4j2-impl/2.24.3/log4j-slf4j2-impl-2.24.3.jar from central
Downloading: software/amazon/awssdk/profiles/2.31.55/profiles-2.31.55.jar from central
Downloading: redis/clients/authentication/redis-authx-core/0.1.1-beta2/redis-authx-core-0.1.1-beta2.jar from central
Downloading: org/clojure/clojure/1.12.0/clojure-1.12.0.jar from central
Downloading: com/cognitect/transit-java/1.0.371/transit-java-1.0.371.jar from central
Downloading: javax/activation/javax.activation-api/1.2.0/javax.activation-api-1.2.0.jar from central
Downloading: software/amazon/awssdk/http-auth/2.31.55/http-auth-2.31.55.jar from central
Downloading: commons-codec/commons-codec/1.17.1/commons-codec-1.17.1.jar from central
Downloading: com/zaxxer/HikariCP/6.3.0/HikariCP-6.3.0.jar from central
Downloading: org/la4j/la4j/0.6.0/la4j-0.6.0.jar from central
Downloading: software/amazon/awssdk/crt-core/2.31.55/crt-core-2.31.55.jar from central
Downloading: io/prometheus/simpleclient/0.16.0/simpleclient-0.16.0.jar from central
Downloading: software/amazon/awssdk/aws-query-protocol/2.31.55/aws-query-protocol-2.31.55.jar from central
Downloading: com/google/errorprone/error_prone_annotations/2.36.0/error_prone_annotations-2.36.0.jar from central
Downloading: org/clojure/core.specs.alpha/0.4.74/core.specs.alpha-0.4.74.jar from central
Downloading: weavejester/dependency/0.2.1/dependency-0.2.1.jar from clojars
Downloading: io/netty/netty-common/4.1.118.Final/netty-common-4.1.118.Final.jar from central
Downloading: io/prometheus/simpleclient_jetty/0.16.0/simpleclient_jetty-0.16.0.jar from central
Downloading: io/undertow/undertow-core/2.3.18.Final/undertow-core-2.3.18.Final.jar from central
Downloading: criterium/criterium/0.4.6/criterium-0.4.6.jar from clojars
Downloading: com/fasterxml/jackson/core/jackson-databind/2.18.2/jackson-databind-2.18.2.jar from central
Downloading: org/clojure/spec.alpha/0.5.238/spec.alpha-0.5.238.jar from central
Downloading: org/clojure/tools.cli/1.1.230/tools.cli-1.1.230.jar from central
Downloading: software/amazon/awssdk/apache-client/2.31.55/apache-client-2.31.55.jar from central
Downloading: expound/expound/0.9.0/expound-0.9.0.jar from clojars
Downloading: io/netty/netty-codec-http2/4.1.118.Final/netty-codec-http2-4.1.118.Final.jar from central
Downloading: org/wildfly/common/wildfly-common/1.5.4.Final/wildfly-common-1.5.4.Final.jar from central
Downloading: io/lettuce/lettuce-core/6.7.0.RELEASE/lettuce-core-6.7.0.RELEASE.jar from central
Downloading: io/prometheus/simpleclient_tracer_otel/0.16.0/simpleclient_tracer_otel-0.16.0.jar from central
Downloading: org/bouncycastle/bcutil-jdk18on/1.78.1/bcutil-jdk18on-1.78.1.jar from central
Downloading: io/netty/netty-codec/4.1.118.Final/netty-codec-4.1.118.Final.jar from central
Downloading: com/github/luben/zstd-jni/1.5.7-3/zstd-jni-1.5.7-3.jar from central
Downloading: software/amazon/awssdk/s3/2.31.55/s3-2.31.55.jar from central
Downloading: selmer/selmer/1.12.62/selmer-1.12.62.jar from clojars
Downloading: buddy/buddy-core/1.12.0-430/buddy-core-1.12.0-430.jar from clojars
Downloading: io/netty/netty-transport-classes-epoll/4.1.118.Final/netty-transport-classes-epoll-4.1.118.Final.jar from central
Downloading: org/apache/logging/log4j/log4j-jul/2.24.3/log4j-jul-2.24.3.jar from central
Downloading: funcool/tubax/2021.05.20-0/tubax-2021.05.20-0.jar from clojars
Downloading: com/fasterxml/jackson/dataformat/jackson-dataformat-cbor/2.17.0/jackson-dataformat-cbor-2.17.0.jar from central
Downloading: com/googlecode/json-simple/json-simple/1.1.1/json-simple-1.1.1.jar from central
Downloading: org/jspecify/jspecify/1.0.0/jspecify-1.0.0.jar from central
Downloading: software/amazon/awssdk/checksums-spi/2.31.55/checksums-spi-2.31.55.jar from central
Downloading: com/cognitect/transit-cljs/0.8.280/transit-cljs-0.8.280.jar from central
Downloading: org/clojure/google-closure-library/0.0-20250515-f04e4c0e/google-closure-library-0.0-20250515-f04e4c0e.jar from central
Downloading: software/amazon/awssdk/third-party-jackson-core/2.31.55/third-party-jackson-core-2.31.55.jar from central
Downloading: org/clojars/pntblnk/clj-ldap/0.0.17/clj-ldap-0.0.17.jar from clojars
Downloading: org/bouncycastle/bcpkix-jdk18on/1.78.1/bcpkix-jdk18on-1.78.1.jar from central
Downloading: org/clojure/clojurescript/1.12.42/clojurescript-1.12.42.jar from central
Downloading: software/amazon/awssdk/aws-xml-protocol/2.31.55/aws-xml-protocol-2.31.55.jar from central
Downloading: io/netty/netty-buffer/4.1.118.Final/netty-buffer-4.1.118.Final.jar from central
Downloading: io/prometheus/simpleclient_tracer_common/0.16.0/simpleclient_tracer_common-0.16.0.jar from central
Downloading: io/netty/netty-handler/4.1.118.Final/netty-handler-4.1.118.Final.jar from central
Downloading: com/yahoo/platform/yui/yuicompressor/2.4.8/yuicompressor-2.4.8.jar from central
Downloading: commons-io/commons-io/2.16.1/commons-io-2.16.1.jar from central
Downloading: com/google/guava/listenablefuture/9999.0-empty-to-avoid-conflict-with-guava/listenablefuture-9999.0-empty-to-avoid-conflict-with-guava.jar from central
Downloading: org/clojure/data.fressian/1.1.0/data.fressian-1.1.0.jar from central
Downloading: org/postgresql/postgresql/42.7.6/postgresql-42.7.6.jar from central
Downloading: org/clojure/tools.namespace/1.5.0/tools.namespace-1.5.0.jar from central
Downloading: io/aviso/pretty/1.4.4/pretty-1.4.4.jar from clojars
Downloading: org/jboss/logging/jboss-logging/3.4.3.Final/jboss-logging-3.4.3.Final.jar from central
Downloading: com/fasterxml/jackson/core/jackson-core/2.18.2/jackson-core-2.18.2.jar from central
Downloading: org/yaml/snakeyaml/2.3/snakeyaml-2.3.jar from central
Downloading: org/agrona/agrona/1.12.0/agrona-1.12.0.jar from central
Downloading: org/apache/logging/log4j/log4j-core/2.24.3/log4j-core-2.24.3.jar from central
Downloading: org/apache/httpcomponents/httpcore/4.4.16/httpcore-4.4.16.jar from central
Downloading: fipp/fipp/0.6.27/fipp-0.6.27.jar from clojars
Downloading: software/amazon/awssdk/endpoints-spi/2.31.55/endpoints-spi-2.31.55.jar from central
Downloading: cljs-bean/cljs-bean/1.9.0/cljs-bean-1.9.0.jar from clojars
Downloading: org/apache/logging/log4j/log4j-web/2.24.3/log4j-web-2.24.3.jar from central
Downloading: software/amazon/awssdk/retries-spi/2.31.55/retries-spi-2.31.55.jar from central
Downloading: software/amazon/awssdk/sdk-core/2.31.55/sdk-core-2.31.55.jar from central
Downloading: org/flatland/ordered/1.15.12/ordered-1.15.12.jar from clojars
Downloading: com/lambdaworks/scrypt/1.4.0/scrypt-1.4.0.jar from central
Downloading: software/amazon/awssdk/retries/2.31.55/retries-2.31.55.jar from central
Downloading: com/cognitect/transit-js/0.8.874/transit-js-0.8.874.jar from central
Downloading: org/bouncycastle/bcprov-jdk18on/1.78.1/bcprov-jdk18on-1.78.1.jar from central
Downloading: pretty-spec/pretty-spec/0.1.4/pretty-spec-0.1.4.jar from clojars
Downloading: software/amazon/awssdk/http-auth-aws/2.31.55/http-auth-aws-2.31.55.jar from central
Downloading: mvxcvi/arrangement/2.1.0/arrangement-2.1.0.jar from clojars
Downloading: markdown-clj/markdown-clj/1.12.3/markdown-clj-1.12.3.jar from clojars
Downloading: instaparse/instaparse/1.5.0/instaparse-1.5.0.jar from clojars
Downloading: integrant/integrant/0.13.1/integrant-0.13.1.jar from clojars
Downloading: io/whitfin/siphash/2.0.0/siphash-2.0.0.jar from central
Downloading: metosin/reitit-core/0.9.1/reitit-core-0.9.1.jar from clojars
Downloading: buddy/buddy-hashers/2.0.167/buddy-hashers-2.0.167.jar from clojars
Downloading: org/clojure/google-closure-library-third-party/0.0-20250515-f04e4c0e/google-closure-library-third-party-0.0-20250515-f04e4c0e.jar from central
Downloading: com/fasterxml/jackson/core/jackson-annotations/2.18.2/jackson-annotations-2.18.2.jar from central
Downloading: io/prometheus/simpleclient_hotspot/0.16.0/simpleclient_hotspot-0.16.0.jar from central
Downloading: software/amazon/awssdk/regions/2.31.55/regions-2.31.55.jar from central
Downloading: org/jboss/xnio/xnio-nio/3.8.16.Final/xnio-nio-3.8.16.Final.jar from central
Downloading: org/javassist/javassist/3.18.1-GA/javassist-3.18.1-GA.jar from central
Downloading: clojurewerkz/scrypt/1.2.0/scrypt-1.2.0.jar from clojars
Downloading: org/clojure/java.classpath/1.1.0/java.classpath-1.1.0.jar from central
Downloading: commons-logging/commons-logging/1.2/commons-logging-1.2.jar from central
Downloading: com/google/guava/failureaccess/1.0.3/failureaccess-1.0.3.jar from central
Downloading: com/google/guava/guava/33.4.8-jre/guava-33.4.8-jre.jar from central
Downloading: frankiesardo/linked/1.3.0/linked-1.3.0.jar from clojars
Downloading: software/amazon/awssdk/http-auth-aws-eventstream/2.31.55/http-auth-aws-eventstream-2.31.55.jar from central
Downloading: org/msgpack/msgpack/0.6.12/msgpack-0.6.12.jar from central
Downloading: funcool/cuerdas/2025.06.16-414/cuerdas-2025.06.16-414.jar from clojars
Downloading: software/amazon/awssdk/aws-core/2.31.55/aws-core-2.31.55.jar from central
Downloading: io/micrometer/micrometer-core/1.14.2/micrometer-core-1.14.2.jar from central
Downloading: borkdude/dynaload/0.3.5/dynaload-0.3.5.jar from clojars
Downloading: org/jboss/threads/jboss-threads/3.5.0.Final/jboss-threads-3.5.0.Final.jar from central
Downloading: com/google/j2objc/j2objc-annotations/3.0.0/j2objc-annotations-3.0.0.jar from central
Downloading: io/prometheus/simpleclient_tracer_otel_agent/0.16.0/simpleclient_tracer_otel_agent-0.16.0.jar from central
Downloading: com/cognitect/transit-clj/1.0.333/transit-clj-1.0.333.jar from central
Downloading: software/amazon/awssdk/checksums/2.31.55/checksums-2.31.55.jar from central
Downloading: software/amazon/awssdk/json-utils/2.31.55/json-utils-2.31.55.jar from central
Downloading: io/netty/netty-transport/4.1.118.Final/netty-transport-4.1.118.Final.jar from central
Downloading: software/amazon/awssdk/auth/2.31.55/auth-2.31.55.jar from central
Downloading: me/flowthing/pp/2024-11-13.77/pp-2024-11-13.77.jar from clojars
Downloading: org/fressian/fressian/0.6.8/fressian-0.6.8.jar from central
Downloading: io/netty/netty-transport-native-unix-common/4.1.118.Final/netty-transport-native-unix-common-4.1.118.Final.jar from central
Downloading: software/amazon/awssdk/http-client-spi/2.31.55/http-client-spi-2.31.55.jar from central
Downloading: io/netty/netty-codec-dns/4.1.118.Final/netty-codec-dns-4.1.118.Final.jar from central
Downloading: environ/environ/1.2.0/environ-1.2.0.jar from clojars
Downloading: io/prometheus/simpleclient_httpserver/0.16.0/simpleclient_httpserver-0.16.0.jar from central
Downloading: io/netty/netty-codec-http/4.1.118.Final/netty-codec-http-4.1.118.Final.jar from central
Downloading: borkdude/edamame/1.4.30/edamame-1.4.30.jar from clojars
Downloading: binaryage/devtools/1.0.7/devtools-1.0.7.jar from clojars
Downloading: org/apache/httpcomponents/httpclient/4.5.13/httpclient-4.5.13.jar from central
Downloading: dawran6/emoji/0.1.5/emoji-0.1.5.jar from clojars
Downloading: com/github/seancorfield/next.jdbc/1.3.1002/next.jdbc-1.3.1002.jar from clojars
Downloading: software/amazon/awssdk/protocol-core/2.31.55/protocol-core-2.31.55.jar from central
Downloading: org/clojure/core.rrb-vector/0.1.2/core.rrb-vector-0.1.2.jar from central
Downloading: com/google/javascript/closure-compiler/v20250402/closure-compiler-v20250402.jar from central
Downloading: org/checkerframework/checker-qual/3.49.3/checker-qual-3.49.3.jar from central
Downloading: metosin/malli/0.18.0/malli-0.18.0.jar from clojars
Downloading: pl/tkowalcz/tjahzi/core/0.9.32/core-0.9.32.jar from central
Downloading: clj-commons/clj-yaml/1.0.29/clj-yaml-1.0.29.jar from clojars
Downloading: org/wildfly/client/wildfly-client-config/1.0.1.Final/wildfly-client-config-1.0.1.Final.jar from central
Downloading: software/amazon/eventstream/eventstream/1.0.1/eventstream-1.0.1.jar from central
Downloading: org/latencyutils/LatencyUtils/2.0.3/LatencyUtils-2.0.3.jar from central
Downloading: java-http-clj/java-http-clj/0.4.3/java-http-clj-0.4.3.jar from clojars
Downloading: software/amazon/awssdk/identity-spi/2.31.55/identity-spi-2.31.55.jar from central
Downloading: org/clojure/tools.reader/1.5.2/tools.reader-1.5.2.jar from central
Downloading: software/amazon/awssdk/arns/2.31.55/arns-2.31.55.jar from central
Downloading: io/prometheus/simpleclient_common/0.16.0/simpleclient_common-0.16.0.jar from central
Downloading: org/reactivestreams/reactive-streams/1.0.4/reactive-streams-1.0.4.jar from central
Downloading: org/ring-clojure/ring-websocket-protocols/1.12.2/ring-websocket-protocols-1.12.2.jar from clojars
Downloading: org/jsoup/jsoup/1.20.1/jsoup-1.20.1.jar from central
Downloading: io/micrometer/micrometer-observation/1.14.2/micrometer-observation-1.14.2.jar from central
Downloading: io/micrometer/micrometer-commons/1.14.2/micrometer-commons-1.14.2.jar from central
Downloading: io/netty/netty-resolver/4.1.118.Final/netty-resolver-4.1.118.Final.jar from central
Downloading: org/ring-clojure/ring-core-protocols/1.12.2/ring-core-protocols-1.12.2.jar from clojars
Downloading: org/xerial/sqlite-jdbc/3.49.1.0/sqlite-jdbc-3.49.1.0.jar from central
Downloading: software/amazon/awssdk/utils/2.31.55/utils-2.31.55.jar from central
Downloading: software/amazon/awssdk/metrics-spi/2.31.55/metrics-spi-2.31.55.jar from central
Downloading: org/slf4j/slf4j-api/2.0.17/slf4j-api-2.0.17.jar from central
Downloading: org/jboss/xnio/xnio-api/3.8.16.Final/xnio-api-3.8.16.Final.jar from central
Downloading: cheshire/cheshire/5.13.0/cheshire-5.13.0.jar from clojars
Downloading: io/projectreactor/reactor-core/3.6.6/reactor-core-3.6.6.jar from central
Downloading: org/clojure/test.check/1.1.1/test.check-1.1.1.jar from central
Downloading: tigris/tigris/0.1.2/tigris-0.1.2.jar from clojars
Downloading: io/netty/netty-resolver-dns/4.1.118.Final/netty-resolver-dns-4.1.118.Final.jar from central
Downloading: org/apache/logging/log4j/log4j-api/2.24.3/log4j-api-2.24.3.jar from central
Downloading: software/amazon/awssdk/netty-nio-client/2.31.55/netty-nio-client-2.31.55.jar from central
Downloading: funcool/okulary/2022.04.11-16/okulary-2022.04.11-16.jar from clojars
Downloading: com/sun/activation/jakarta.activation/2.0.1/jakarta.activation-2.0.1.jar from central
Downloading: com/unboundid/unboundid-ldapsdk/5.1.1/unboundid-ldapsdk-5.1.1.jar from central
Downloading: nrepl/nrepl/1.3.1/nrepl-1.3.1.jar from clojars
Downloading: camel-snake-kebab/camel-snake-kebab/0.4.3/camel-snake-kebab-0.4.3.jar from clojars
Downloading: com/github/ben-manes/caffeine/caffeine/3.2.0/caffeine-3.2.0.jar from central
Downloading: software/amazon/awssdk/http-auth-spi/2.31.55/http-auth-spi-2.31.55.jar from central
Downloading: org/clojure/java.data/1.3.113/java.data-1.3.113.jar from central
Downloading: buddy/buddy-sign/3.6.1-359/buddy-sign-3.6.1-359.jar from clojars
Downloading: com/sun/mail/jakarta.mail/2.0.1/jakarta.mail-2.0.1.jar from central
Downloading: org/hdrhistogram/HdrHistogram/2.2.2/HdrHistogram-2.2.2.jar from central
Downloading: com/fasterxml/jackson/dataformat/jackson-dataformat-smile/2.17.0/jackson-dataformat-smile-2.17.0.jar from central
Downloading: com/fasterxml/jackson/datatype/jackson-datatype-jsr310/2.18.2/jackson-datatype-jsr310-2.18.2.jar from central
Downloading: javax/xml/bind/jaxb-api/2.4.0-b180830.0359/jaxb-api-2.4.0-b180830.0359.jar from central
Downloading: meta-merge/meta-merge/1.0.0/meta-merge-1.0.0.jar from clojars
Downloading: software/amazon/awssdk/annotations/2.31.55/annotations-2.31.55.jar from central
Downloading: metosin/jsonista/0.3.13/jsonista-0.3.13.jar from clojars
Downloading: lambdaisland/uri/1.19.155/uri-1.19.155.jar from clojars
WARNING: Specified aliases are undeclared and are not being used: [:backend :dev]
Clojure 1.12.0
user=> 
