[15:31:07] init: compile styles
[15:31:07] compile: /home/penpot/penpot/frontend/resources/styles/main-default.scss
[15:31:07] compile: /home/penpot/penpot/frontend/src/app/main/ui/components/button_link.scss
[15:31:07] compile: /home/penpot/penpot/frontend/src/app/main/ui/components/code_block.scss
[15:31:07] compile: /home/penpot/penpot/frontend/src/app/main/ui/components/color_bullet.scss
[15:31:07] compile: /home/penpot/penpot/frontend/src/app/main/ui/components/context_menu_a11y.scss
[15:31:09] compile: /home/penpot/penpot/frontend/src/app/main/ui/components/copy_button.scss
[15:31:09] compile: /home/penpot/penpot/frontend/src/app/main/ui/components/editable_label.scss
[15:31:09] compile: /home/penpot/penpot/frontend/src/app/main/ui/components/editable_select.scss
[15:31:09] compile: /home/penpot/penpot/frontend/src/app/main/ui/components/forms.scss
[15:31:09] compile: /home/penpot/penpot/frontend/src/app/main/ui/components/radio_buttons.scss
[15:31:09] compile: /home/penpot/penpot/frontend/src/app/main/ui/components/reorder_handler.scss
[15:31:09] compile: /home/penpot/penpot/frontend/src/app/main/ui/components/search_bar.scss
[15:31:09] compile: /home/penpot/penpot/frontend/src/app/main/ui/components/select.scss
[15:31:09] compile: /home/penpot/penpot/frontend/src/app/main/ui/components/tab_container.scss
[15:31:09] compile: /home/penpot/penpot/frontend/src/app/main/ui/components/title_bar.scss
[15:31:09] compile: /home/penpot/penpot/frontend/src/app/main/ui/ds/_borders.scss
[15:31:09] compile: /home/penpot/penpot/frontend/src/app/main/ui/ds/_sizes.scss
[15:31:09] compile: /home/penpot/penpot/frontend/src/app/main/ui/ds/_utils.scss
[15:31:09] compile: /home/penpot/penpot/frontend/src/app/main/ui/ds/colors.scss
[15:31:09] compile: /home/penpot/penpot/frontend/src/app/main/ui/ds/elevations.scss
[15:31:09] compile: /home/penpot/penpot/frontend/src/app/main/ui/ds/spacing.scss
[15:31:09] compile: /home/penpot/penpot/frontend/src/app/main/ui/ds/storybook.scss
[15:31:09] compile: /home/penpot/penpot/frontend/src/app/main/ui/ds/typography.scss
[15:31:09] compile: /home/penpot/penpot/frontend/src/app/main/ui/ds/z-index.scss
[15:31:09] compile: /home/penpot/penpot/frontend/src/app/main/ui/ds/utilities/date.scss
[15:31:09] compile: /home/penpot/penpot/frontend/src/app/main/ui/ds/utilities/swatch.scss
[15:31:09] compile: /home/penpot/penpot/frontend/src/app/main/ui/ds/tooltip/tooltip.scss
[15:31:09] compile: /home/penpot/penpot/frontend/src/app/main/ui/ds/product/autosaved_milestone.scss
[15:31:09] compile: /home/penpot/penpot/frontend/src/app/main/ui/ds/product/avatar.scss
[15:31:09] compile: /home/penpot/penpot/frontend/src/app/main/ui/ds/product/cta.scss
[15:31:09] compile: /home/penpot/penpot/frontend/src/app/main/ui/ds/product/empty_placeholder.scss
[15:31:09] compile: /home/penpot/penpot/frontend/src/app/main/ui/ds/product/input_with_meta.scss
[15:31:09] compile: /home/penpot/penpot/frontend/src/app/main/ui/ds/product/loader.scss
[15:31:09] compile: /home/penpot/penpot/frontend/src/app/main/ui/ds/product/user_milestone.scss
[15:31:09] compile: /home/penpot/penpot/frontend/src/app/main/ui/ds/notifications/actionable.scss
[15:31:09] compile: /home/penpot/penpot/frontend/src/app/main/ui/ds/notifications/toast.scss
[15:31:09] compile: /home/penpot/penpot/frontend/src/app/main/ui/ds/notifications/shared/notification_pill.scss
[15:31:09] compile: /home/penpot/penpot/frontend/src/app/main/ui/ds/layout/tab_switcher.scss
[15:31:09] compile: /home/penpot/penpot/frontend/src/app/main/ui/ds/foundations/utilities/token/token_status.scss
[15:31:09] compile: /home/penpot/penpot/frontend/src/app/main/ui/ds/foundations/typography/heading.scss
[15:31:09] compile: /home/penpot/penpot/frontend/src/app/main/ui/ds/foundations/typography/text.scss
[15:31:09] compile: /home/penpot/penpot/frontend/src/app/main/ui/ds/foundations/assets/icon.scss
[15:31:09] compile: /home/penpot/penpot/frontend/src/app/main/ui/ds/controls/combobox.scss
[15:31:09] compile: /home/penpot/penpot/frontend/src/app/main/ui/ds/controls/input.scss
[15:31:09] compile: /home/penpot/penpot/frontend/src/app/main/ui/ds/controls/select.scss
[15:31:09] compile: /home/penpot/penpot/frontend/src/app/main/ui/ds/controls/utilities/hint_message.scss
[15:31:09] compile: /home/penpot/penpot/frontend/src/app/main/ui/ds/controls/utilities/input_field.scss
[15:31:09] compile: /home/penpot/penpot/frontend/src/app/main/ui/ds/controls/utilities/label.scss
[15:31:09] compile: /home/penpot/penpot/frontend/src/app/main/ui/ds/controls/shared/options_dropdown.scss
[15:31:09] compile: /home/penpot/penpot/frontend/src/app/main/ui/ds/buttons/_buttons.scss
[15:31:09] compile: /home/penpot/penpot/frontend/src/app/main/ui/ds/buttons/button.scss
[15:31:09] compile: /home/penpot/penpot/frontend/src/app/main/ui/ds/buttons/icon_button.scss
[15:31:09] compile: /home/penpot/penpot/frontend/src/app/main/ui/alert.scss
[15:31:09] compile: /home/penpot/penpot/frontend/src/app/main/ui/auth.scss
[15:31:09] compile: /home/penpot/penpot/frontend/src/app/main/ui/comments.scss
[15:31:09] compile: /home/penpot/penpot/frontend/src/app/main/ui/confirm.scss
[15:31:09] compile: /home/penpot/penpot/frontend/src/app/main/ui/dashboard.scss
[15:31:09] compile: /home/penpot/penpot/frontend/src/app/main/ui/delete_shared.scss
[15:31:09] compile: /home/penpot/penpot/frontend/src/app/main/ui/modal.scss
[15:31:09] compile: /home/penpot/penpot/frontend/src/app/main/ui/releases.scss
[15:31:09] compile: /home/penpot/penpot/frontend/src/app/main/ui/settings.scss
[15:31:09] compile: /home/penpot/penpot/frontend/src/app/main/ui/static.scss
[15:31:09] compile: /home/penpot/penpot/frontend/src/app/main/ui/viewer.scss
[15:31:09] compile: /home/penpot/penpot/frontend/src/app/main/ui/workspace.scss
[15:31:09] compile: /home/penpot/penpot/frontend/src/app/main/ui/workspace/color_palette.scss
[15:31:09] compile: /home/penpot/penpot/frontend/src/app/main/ui/workspace/color_palette_ctx_menu.scss
[15:31:09] compile: /home/penpot/penpot/frontend/src/app/main/ui/workspace/colorpicker.scss
[15:31:09] compile: /home/penpot/penpot/frontend/src/app/main/ui/workspace/comments.scss
[15:31:09] compile: /home/penpot/penpot/frontend/src/app/main/ui/workspace/context_menu.scss
[15:31:09] compile: /home/penpot/penpot/frontend/src/app/main/ui/workspace/coordinates.scss
[15:31:09] compile: /home/penpot/penpot/frontend/src/app/main/ui/workspace/left_header.scss
[15:31:09] compile: /home/penpot/penpot/frontend/src/app/main/ui/workspace/libraries.scss
[15:31:09] compile: /home/penpot/penpot/frontend/src/app/main/ui/workspace/main_menu.scss
[15:31:09] compile: /home/penpot/penpot/frontend/src/app/main/ui/workspace/nudge.scss
[15:31:09] compile: /home/penpot/penpot/frontend/src/app/main/ui/workspace/palette.scss
[15:31:09] compile: /home/penpot/penpot/frontend/src/app/main/ui/workspace/plugins.scss
[15:31:09] compile: /home/penpot/penpot/frontend/src/app/main/ui/workspace/presence.scss
[15:31:09] compile: /home/penpot/penpot/frontend/src/app/main/ui/workspace/right_header.scss
[15:31:09] compile: /home/penpot/penpot/frontend/src/app/main/ui/workspace/sidebar.scss
[15:31:09] compile: /home/penpot/penpot/frontend/src/app/main/ui/workspace/text_palette.scss
[15:31:09] compile: /home/penpot/penpot/frontend/src/app/main/ui/workspace/text_palette_ctx_menu.scss
[15:31:09] compile: /home/penpot/penpot/frontend/src/app/main/ui/workspace/top_toolbar.scss
[15:31:10] compile: /home/penpot/penpot/frontend/src/app/main/ui/workspace/viewport.scss
[15:31:10] compile: /home/penpot/penpot/frontend/src/app/main/ui/workspace/viewport_wasm.scss
[15:31:10] compile: /home/penpot/penpot/frontend/src/app/main/ui/workspace/viewport/comments.scss
[15:31:10] compile: /home/penpot/penpot/frontend/src/app/main/ui/workspace/viewport/grid_layout_editor.scss
[15:31:10] compile: /home/penpot/penpot/frontend/src/app/main/ui/workspace/viewport/path_actions.scss
[15:31:10] compile: /home/penpot/penpot/frontend/src/app/main/ui/workspace/viewport/pixel_overlay.scss
[15:31:10] compile: /home/penpot/penpot/frontend/src/app/main/ui/workspace/viewport/presence.scss
[15:31:10] compile: /home/penpot/penpot/frontend/src/app/main/ui/workspace/viewport/top_bar.scss
[15:31:10] compile: /home/penpot/penpot/frontend/src/app/main/ui/workspace/viewport/widgets.scss
[15:31:10] compile: /home/penpot/penpot/frontend/src/app/main/ui/workspace/tokens/export.scss
[15:31:10] compile: /home/penpot/penpot/frontend/src/app/main/ui/workspace/tokens/import.scss
[15:31:10] compile: /home/penpot/penpot/frontend/src/app/main/ui/workspace/tokens/management.scss
[15:31:10] compile: /home/penpot/penpot/frontend/src/app/main/ui/workspace/tokens/sets.scss
[15:31:10] compile: /home/penpot/penpot/frontend/src/app/main/ui/workspace/tokens/sidebar.scss
[15:31:10] compile: /home/penpot/penpot/frontend/src/app/main/ui/workspace/tokens/themes.scss
[15:31:10] compile: /home/penpot/penpot/frontend/src/app/main/ui/workspace/tokens/themes/create_modal.scss
[15:31:10] compile: /home/penpot/penpot/frontend/src/app/main/ui/workspace/tokens/themes/theme_selector.scss
[15:31:10] compile: /home/penpot/penpot/frontend/src/app/main/ui/workspace/tokens/settings/menu.scss
[15:31:10] compile: /home/penpot/penpot/frontend/src/app/main/ui/workspace/tokens/sets/context_menu.scss
[15:31:10] compile: /home/penpot/penpot/frontend/src/app/main/ui/workspace/tokens/sets/lists.scss
[15:31:10] compile: /home/penpot/penpot/frontend/src/app/main/ui/workspace/tokens/management/context_menu.scss
[15:31:10] compile: /home/penpot/penpot/frontend/src/app/main/ui/workspace/tokens/management/group.scss
[15:31:10] compile: /home/penpot/penpot/frontend/src/app/main/ui/workspace/tokens/management/token_pill.scss
[15:31:10] compile: /home/penpot/penpot/frontend/src/app/main/ui/workspace/tokens/management/create/form.scss
[15:31:10] compile: /home/penpot/penpot/frontend/src/app/main/ui/workspace/tokens/management/create/input_token_color_bullet.scss
[15:31:10] compile: /home/penpot/penpot/frontend/src/app/main/ui/workspace/tokens/management/create/input_tokens_value.scss
[15:31:10] compile: /home/penpot/penpot/frontend/src/app/main/ui/workspace/tokens/management/create/modals.scss
[15:31:10] compile: /home/penpot/penpot/frontend/src/app/main/ui/workspace/tokens/import/modal.scss
[15:31:10] compile: /home/penpot/penpot/frontend/src/app/main/ui/workspace/tokens/export/modal.scss
[15:31:10] compile: /home/penpot/penpot/frontend/src/app/main/ui/workspace/sidebar/assets.scss
[15:31:10] compile: /home/penpot/penpot/frontend/src/app/main/ui/workspace/sidebar/collapsable_button.scss
[15:31:10] compile: /home/penpot/penpot/frontend/src/app/main/ui/workspace/sidebar/debug.scss
[15:31:10] compile: /home/penpot/penpot/frontend/src/app/main/ui/workspace/sidebar/debug_shape_info.scss
[15:31:10] compile: /home/penpot/penpot/frontend/src/app/main/ui/workspace/sidebar/history.scss
[15:31:10] compile: /home/penpot/penpot/frontend/src/app/main/ui/workspace/sidebar/layer_item.scss
[15:31:10] compile: /home/penpot/penpot/frontend/src/app/main/ui/workspace/sidebar/layer_name.scss
[15:31:10] compile: /home/penpot/penpot/frontend/src/app/main/ui/workspace/sidebar/layers.scss
[15:31:10] compile: /home/penpot/penpot/frontend/src/app/main/ui/workspace/sidebar/options.scss
[15:31:10] compile: /home/penpot/penpot/frontend/src/app/main/ui/workspace/sidebar/shortcuts.scss
[15:31:10] compile: /home/penpot/penpot/frontend/src/app/main/ui/workspace/sidebar/sitemap.scss
[15:31:10] compile: /home/penpot/penpot/frontend/src/app/main/ui/workspace/sidebar/versions.scss
[15:31:10] compile: /home/penpot/penpot/frontend/src/app/main/ui/workspace/sidebar/options/common.scss
[15:31:10] compile: /home/penpot/penpot/frontend/src/app/main/ui/workspace/sidebar/options/page.scss
[15:31:10] compile: /home/penpot/penpot/frontend/src/app/main/ui/workspace/sidebar/options/shapes/group.scss
[15:31:10] compile: /home/penpot/penpot/frontend/src/app/main/ui/workspace/sidebar/options/shapes/multiple.scss
[15:31:10] compile: /home/penpot/penpot/frontend/src/app/main/ui/workspace/sidebar/options/rows/color_row.scss
[15:31:10] compile: /home/penpot/penpot/frontend/src/app/main/ui/workspace/sidebar/options/rows/stroke_row.scss
[15:31:10] compile: /home/penpot/penpot/frontend/src/app/main/ui/workspace/sidebar/options/menus/align.scss
[15:31:10] compile: /home/penpot/penpot/frontend/src/app/main/ui/workspace/sidebar/options/menus/blur.scss
[15:31:10] compile: /home/penpot/penpot/frontend/src/app/main/ui/workspace/sidebar/options/menus/bool.scss
[15:31:10] compile: /home/penpot/penpot/frontend/src/app/main/ui/workspace/sidebar/options/menus/border_radius.scss
[15:31:10] compile: /home/penpot/penpot/frontend/src/app/main/ui/workspace/sidebar/options/menus/color_selection.scss
[15:31:10] compile: /home/penpot/penpot/frontend/src/app/main/ui/workspace/sidebar/options/menus/component.scss
[15:31:10] compile: /home/penpot/penpot/frontend/src/app/main/ui/workspace/sidebar/options/menus/constraints.scss
[15:31:10] compile: /home/penpot/penpot/frontend/src/app/main/ui/workspace/sidebar/options/menus/exports.scss
[15:31:10] compile: /home/penpot/penpot/frontend/src/app/main/ui/workspace/sidebar/options/menus/fill.scss
[15:31:10] compile: /home/penpot/penpot/frontend/src/app/main/ui/workspace/sidebar/options/menus/frame_grid.scss
[15:31:10] compile: /home/penpot/penpot/frontend/src/app/main/ui/workspace/sidebar/options/menus/grid_cell.scss
[15:31:10] compile: /home/penpot/penpot/frontend/src/app/main/ui/workspace/sidebar/options/menus/interactions.scss
[15:31:10] compile: /home/penpot/penpot/frontend/src/app/main/ui/workspace/sidebar/options/menus/layer.scss
[15:31:10] compile: /home/penpot/penpot/frontend/src/app/main/ui/workspace/sidebar/options/menus/layout_container.scss
[15:31:10] compile: /home/penpot/penpot/frontend/src/app/main/ui/workspace/sidebar/options/menus/layout_item.scss
[15:31:10] compile: /home/penpot/penpot/frontend/src/app/main/ui/workspace/sidebar/options/menus/measures.scss
[15:31:10] compile: /home/penpot/penpot/frontend/src/app/main/ui/workspace/sidebar/options/menus/shadow.scss
[15:31:10] compile: /home/penpot/penpot/frontend/src/app/main/ui/workspace/sidebar/options/menus/stroke.scss
[15:31:10] compile: /home/penpot/penpot/frontend/src/app/main/ui/workspace/sidebar/options/menus/svg_attrs.scss
[15:31:10] compile: /home/penpot/penpot/frontend/src/app/main/ui/workspace/sidebar/options/menus/text.scss
[15:31:10] compile: /home/penpot/penpot/frontend/src/app/main/ui/workspace/sidebar/options/menus/typography.scss
[15:31:10] compile: /home/penpot/penpot/frontend/src/app/main/ui/workspace/sidebar/options/menus/variants_help_modal.scss
[15:31:10] compile: /home/penpot/penpot/frontend/src/app/main/ui/workspace/sidebar/options/drawing/frame.scss
[15:31:11] compile: /home/penpot/penpot/frontend/src/app/main/ui/workspace/sidebar/assets/colors.scss
[15:31:11] compile: /home/penpot/penpot/frontend/src/app/main/ui/workspace/sidebar/assets/common.scss
[15:31:11] compile: /home/penpot/penpot/frontend/src/app/main/ui/workspace/sidebar/assets/components.scss
[15:31:11] compile: /home/penpot/penpot/frontend/src/app/main/ui/workspace/sidebar/assets/file_library.scss
[15:31:11] compile: /home/penpot/penpot/frontend/src/app/main/ui/workspace/sidebar/assets/groups.scss
[15:31:11] compile: /home/penpot/penpot/frontend/src/app/main/ui/workspace/sidebar/assets/typographies.scss
[15:31:11] compile: /home/penpot/penpot/frontend/src/app/main/ui/workspace/shapes/text/v2_editor.scss
[15:31:11] compile: /home/penpot/penpot/frontend/src/app/main/ui/workspace/colorpicker/color_inputs.scss
[15:31:11] compile: /home/penpot/penpot/frontend/src/app/main/ui/workspace/colorpicker/gradients.scss
[15:31:11] compile: /home/penpot/penpot/frontend/src/app/main/ui/workspace/colorpicker/harmony.scss
[15:31:11] compile: /home/penpot/penpot/frontend/src/app/main/ui/workspace/colorpicker/hsva.scss
[15:31:11] compile: /home/penpot/penpot/frontend/src/app/main/ui/workspace/colorpicker/libraries.scss
[15:31:11] compile: /home/penpot/penpot/frontend/src/app/main/ui/workspace/colorpicker/ramp.scss
[15:31:11] compile: /home/penpot/penpot/frontend/src/app/main/ui/workspace/colorpicker/slider_selector.scss
[15:31:11] compile: /home/penpot/penpot/frontend/src/app/main/ui/viewer/comments.scss
[15:31:11] compile: /home/penpot/penpot/frontend/src/app/main/ui/viewer/header.scss
[15:31:11] compile: /home/penpot/penpot/frontend/src/app/main/ui/viewer/inspect.scss
[15:31:11] compile: /home/penpot/penpot/frontend/src/app/main/ui/viewer/interactions.scss
[15:31:11] compile: /home/penpot/penpot/frontend/src/app/main/ui/viewer/login.scss
[15:31:11] compile: /home/penpot/penpot/frontend/src/app/main/ui/viewer/share_link.scss
[15:31:11] compile: /home/penpot/penpot/frontend/src/app/main/ui/viewer/thumbnails.scss
[15:31:11] compile: /home/penpot/penpot/frontend/src/app/main/ui/settings/access_tokens.scss
[15:31:11] compile: /home/penpot/penpot/frontend/src/app/main/ui/settings/change_email.scss
[15:31:11] compile: /home/penpot/penpot/frontend/src/app/main/ui/settings/delete_account.scss
[15:31:11] compile: /home/penpot/penpot/frontend/src/app/main/ui/settings/feedback.scss
[15:31:11] compile: /home/penpot/penpot/frontend/src/app/main/ui/settings/notifications.scss
[15:31:11] compile: /home/penpot/penpot/frontend/src/app/main/ui/settings/options.scss
[15:31:11] compile: /home/penpot/penpot/frontend/src/app/main/ui/settings/password.scss
[15:31:11] compile: /home/penpot/penpot/frontend/src/app/main/ui/settings/profile.scss
[15:31:11] compile: /home/penpot/penpot/frontend/src/app/main/ui/settings/sidebar.scss
[15:31:11] compile: /home/penpot/penpot/frontend/src/app/main/ui/settings/subscription.scss
[15:31:11] compile: /home/penpot/penpot/frontend/src/app/main/ui/releases/common.scss
[15:31:11] compile: /home/penpot/penpot/frontend/src/app/main/ui/releases/v2_0.scss
[15:31:11] compile: /home/penpot/penpot/frontend/src/app/main/ui/releases/v2_1.scss
[15:31:11] compile: /home/penpot/penpot/frontend/src/app/main/ui/releases/v2_2.scss
[15:31:11] compile: /home/penpot/penpot/frontend/src/app/main/ui/releases/v2_3.scss
[15:31:11] compile: /home/penpot/penpot/frontend/src/app/main/ui/releases/v2_4.scss
[15:31:11] compile: /home/penpot/penpot/frontend/src/app/main/ui/releases/v2_5.scss
[15:31:11] compile: /home/penpot/penpot/frontend/src/app/main/ui/releases/v2_6.scss
[15:31:11] compile: /home/penpot/penpot/frontend/src/app/main/ui/releases/v2_7.scss
[15:31:11] compile: /home/penpot/penpot/frontend/src/app/main/ui/releases/v2_8.scss
[15:31:11] compile: /home/penpot/penpot/frontend/src/app/main/ui/releases/v2_9.scss
[15:31:11] compile: /home/penpot/penpot/frontend/src/app/main/ui/onboarding/newsletter.scss
[15:31:11] compile: /home/penpot/penpot/frontend/src/app/main/ui/onboarding/questions.scss
[15:31:11] compile: /home/penpot/penpot/frontend/src/app/main/ui/onboarding/team_choice.scss
[15:31:11] compile: /home/penpot/penpot/frontend/src/app/main/ui/notifications/badge.scss
[15:31:11] compile: /home/penpot/penpot/frontend/src/app/main/ui/notifications/context_notification.scss
[15:31:11] compile: /home/penpot/penpot/frontend/src/app/main/ui/notifications/inline_notification.scss
[15:31:11] compile: /home/penpot/penpot/frontend/src/app/main/ui/inspect/annotation.scss
[15:31:11] compile: /home/penpot/penpot/frontend/src/app/main/ui/inspect/attributes.scss
[15:31:11] compile: /home/penpot/penpot/frontend/src/app/main/ui/inspect/code.scss
[15:31:11] compile: /home/penpot/penpot/frontend/src/app/main/ui/inspect/exports.scss
[15:31:11] compile: /home/penpot/penpot/frontend/src/app/main/ui/inspect/left_sidebar.scss
[15:31:11] compile: /home/penpot/penpot/frontend/src/app/main/ui/inspect/right_sidebar.scss
[15:31:11] compile: /home/penpot/penpot/frontend/src/app/main/ui/inspect/attributes/blur.scss
[15:31:11] compile: /home/penpot/penpot/frontend/src/app/main/ui/inspect/attributes/common.scss
[15:31:11] compile: /home/penpot/penpot/frontend/src/app/main/ui/inspect/attributes/fill.scss
[15:31:11] compile: /home/penpot/penpot/frontend/src/app/main/ui/inspect/attributes/geometry.scss
[15:31:11] compile: /home/penpot/penpot/frontend/src/app/main/ui/inspect/attributes/layout.scss
[15:31:11] compile: /home/penpot/penpot/frontend/src/app/main/ui/inspect/attributes/layout_element.scss
[15:31:11] compile: /home/penpot/penpot/frontend/src/app/main/ui/inspect/attributes/shadow.scss
[15:31:11] compile: /home/penpot/penpot/frontend/src/app/main/ui/inspect/attributes/stroke.scss
[15:31:11] compile: /home/penpot/penpot/frontend/src/app/main/ui/inspect/attributes/svg.scss
[15:31:11] compile: /home/penpot/penpot/frontend/src/app/main/ui/inspect/attributes/text.scss
[15:31:11] compile: /home/penpot/penpot/frontend/src/app/main/ui/inspect/attributes/variant.scss
[15:31:11] compile: /home/penpot/penpot/frontend/src/app/main/ui/inspect/attributes/visibility.scss
[15:31:12] compile: /home/penpot/penpot/frontend/src/app/main/ui/exports/assets.scss
[15:31:12] compile: /home/penpot/penpot/frontend/src/app/main/ui/exports/files.scss
[15:31:12] compile: /home/penpot/penpot/frontend/src/app/main/ui/debug/icons_preview.scss
[15:31:12] compile: /home/penpot/penpot/frontend/src/app/main/ui/dashboard/change_owner.scss
[15:31:12] compile: /home/penpot/penpot/frontend/src/app/main/ui/dashboard/comments.scss
[15:31:12] compile: /home/penpot/penpot/frontend/src/app/main/ui/dashboard/files.scss
[15:31:12] compile: /home/penpot/penpot/frontend/src/app/main/ui/dashboard/fonts.scss
[15:31:12] compile: /home/penpot/penpot/frontend/src/app/main/ui/dashboard/grid.scss
[15:31:12] compile: /home/penpot/penpot/frontend/src/app/main/ui/dashboard/import.scss
[15:31:12] compile: /home/penpot/penpot/frontend/src/app/main/ui/dashboard/inline_edition.scss
[15:31:12] compile: /home/penpot/penpot/frontend/src/app/main/ui/dashboard/libraries.scss
[15:31:12] compile: /home/penpot/penpot/frontend/src/app/main/ui/dashboard/pin_button.scss
[15:31:12] compile: /home/penpot/penpot/frontend/src/app/main/ui/dashboard/placeholder.scss
[15:31:12] compile: /home/penpot/penpot/frontend/src/app/main/ui/dashboard/projects.scss
[15:31:12] compile: /home/penpot/penpot/frontend/src/app/main/ui/dashboard/search.scss
[15:31:12] compile: /home/penpot/penpot/frontend/src/app/main/ui/dashboard/sidebar.scss
[15:31:12] compile: /home/penpot/penpot/frontend/src/app/main/ui/dashboard/subscription.scss
[15:31:12] compile: /home/penpot/penpot/frontend/src/app/main/ui/dashboard/team.scss
[15:31:12] compile: /home/penpot/penpot/frontend/src/app/main/ui/dashboard/team_form.scss
[15:31:12] compile: /home/penpot/penpot/frontend/src/app/main/ui/dashboard/templates.scss
[15:31:12] compile: /home/penpot/penpot/frontend/src/app/main/ui/auth/common.scss
[15:31:12] compile: /home/penpot/penpot/frontend/src/app/main/ui/auth/login.scss
[15:31:12] compile: /home/penpot/penpot/frontend/src/app/main/ui/auth/recovery.scss
[15:31:12] compile: /home/penpot/penpot/frontend/src/app/main/ui/auth/recovery_request.scss
[15:31:12] compile: /home/penpot/penpot/frontend/src/app/main/ui/auth/register.scss
[15:31:12] done: compile styles (5s)
[15:31:12] init: copy assets
[15:31:12] done: copy assets (180ms)
[15:31:12] init: copy wasm playground
[15:31:12] done: copy wasm playground (51ms)
[15:31:12] init: compile svgsprite
[15:31:13] done: compile svgsprite (1s)
[15:31:13] init: compile templates
[15:31:14] done: compile templates (695ms)
[15:31:14] init: compile polyfills
[15:31:14] done: compile polyfills (2ms)
[15:31:14] watch: scss src (~)
[15:31:14] watch: scss: resources (~)
[15:31:14] watch: templates (~)
[15:31:14] watch: translations (~)
[15:31:14] watch: assets (~)
[15:31:14] watch: wasm playground (~)
